"","Disease","SHBG"
"SRR4457864",0,95.10
"SRR4457865",1,54.40
"SRR4457866",1,20.50
"SRR4457867",1,100.10
"SRR4457868",1,66.80
"SRR4457869",1,5.10
"SRR4457870",1,8.90
"SRR4457871",1,36.00
"SRR4457872",1,30.60
"SRR4457873",0,70.50
"SRR4457874",1,87.80
"SRR4457875",1,47.00
"SRR4457876",0,78.50
"SRR4457877",0,95.60
"SRR4457878",0,72.40
"SRR4457879",0,80.40
"SRR4457880",0,95.00
"SRR4457881",0,57.30
"SRR4457882",0,116.60
"SRR4457883",0,111.50
"SRR4457884",0,61.20
"SRR4457885",0,21.60
"SRR4457886",0,77.50
"SRR4457887",0,0.0
"SRR4457888",0,71.90
"SRR4457889",0,118.70
"SRR4457890",0,88.80
"SRR4457891",1,31.00
"SRR4457892",1,31.60
"SRR4457893",1,64.00
"SRR4457894",0,64.70
"SRR4457895",1,72.70
"SRR4457896",1,43.00
"SRR4457897",1,83.80
"SRR4457898",1,36.40
"SRR4457899",1,11.60
"SRR4457900",1,71.90
"SRR4457901",1,27.60
"SRR4457902",1,22.90
"SRR4457903",1,64.60
"SRR4457904",1,67.30
"SRR4457905",1,25.80
"SRR4457906",0,59.20
"SRR5330825",2,119.20
